Microchip MPLAB XC8 Compiler V1.45 ()

Linker command line:

-W-3 --edf=C:\Program Files (x86)\Microchip\xc8\v1.45\dat\en_msgs.txt -cs \
  -h+dist/default/production\Lab3.X.production.sym \
  --cmf=dist/default/production\Lab3.X.production.cmf -z -Q16F886 \
  -oC:\Users\JOO~1\AppData\Local\Temp\sc2c.2 \
  -Mdist/default/production/Lab3.X.production.map -E1 -ver=XC8 \
  -ASTACK=0110h-016fh -pstack=STACK -ACODE=00h-07FFhx4 -ASTRCODE=00h-01FFFh \
  -ASTRING=00h-0FFhx32 -ACONST=00h-0FFhx32 -AENTRY=00h-0FFhx32 \
  -ACOMMON=070h-07Fh -ABANK0=020h-06Fh -ABANK1=0A0h-0EFh \
  -ABANK2=0110h-016Fh -ABANK3=0190h-01EFh \
  -ARAM=020h-06Fh,0A0h-0EFh,0110h-016Fh,0190h-01EFh \
  -AABS1=020h-07Fh,0A0h-0EFh,0110h-016Fh,0190h-01EFh -ASFR0=00h-01Fh \
  -ASFR1=080h-09Fh -ASFR2=0100h-010Fh -ASFR3=0180h-018Fh \
  -preset_vec=00h,intentry=04h,init,end_init -ppowerup=CODE -pcinit=CODE \
  -pfunctab=ENTRY -ACONFIG=02007h-02008h -pconfig=CONFIG -DCONFIG=2 \
  -AIDLOC=02000h-02003h -pidloc=IDLOC -DIDLOC=2 -AEEDATA=00h-0FFh/02100h \
  -peeprom_data=EEDATA -DEEDATA=2 -DCODE=2 -DSTRCODE=2 -DSTRING=2 -DCONST=2 \
  -DENTRY=2 -k C:\Users\JOO~1\AppData\Local\Temp\sc2c.obj \
  dist/default/production\Lab3.X.production.obj 

Object code version is 3.11

Machine type is 16F886



                Name                               Link     Load   Length Selector   Space Scale
C:\Users\JOO~1\AppData\Local\Temp\sc2c.obj
                end_init                             12       12        3        8       0
                reset_vec                             0        0        3        0       0
                config                             2007     2007        2     400E       0
dist/default/production\Lab3.X.production.obj
                cinit                                15       15        B        8       0
                intentry                              4        4        E        8       0
                text18                              37C      37C       2B        8       0
                text17                              45A      45A       1C      7F0       0
                text16                              43C      43C       1E      7F0       0
                text15                              4C0      4C0        4      7F0       0
                text14                              2C6      2C6       44        8       0
                text13                              41B      41B       21      7F0       0
                text12                              476      476       15      7F0       0
                text11                              49B      49B       10      7F0       0
                text10                              4BC      4BC        4      7F0       0
                text9                               272      272       54        8       0
                text8                               4B8      4B8        4      7F0       0
                text7                               3A7      3A7       2A        8       0
                text6                               30A      30A       3E        8       0
                text5                               348      348       34        8       0
                text4                               3F8      3F8       23      7F0       0
                text3                               48B      48B       10      7F0       0
                text2                                20       20      1AE        8       0
                text1                               4AB      4AB        D      7F0       0
                maintext                            1CE      1CE       A4        8       0
                cstackBANK0                          20       20       2C       20       1
                cstackCOMMON                         70       70        D       70       1
                dataBANK0                            4F       4F        1       20       1
                bssBANK0                             4C       4C        2       20       1
                bitbssBANK0                         270       4E        1       20       1     8
                strings                             3D1      3D1       27      7A2       0
                idataBANK0                          4C4      4C4        1      7F0       0

TOTAL           Name                               Link     Load   Length     Space
        CLASS   STACK          

        CLASS   CODE           
                end_init                             12       12        3         0
                cinit                                15       15        B         0
                intentry                              4        4        E         0
                reset_vec                             0        0        3         0
                text18                              37C      37C       2B         0
                text17                              45A      45A       1C         0
                text16                              43C      43C       1E         0
                text15                              4C0      4C0        4         0
                text14                              2C6      2C6       44         0
                text13                              41B      41B       21         0
                text12                              476      476       15         0
                text11                              49B      49B       10         0
                text10                              4BC      4BC        4         0
                text9                               272      272       54         0
                text8                               4B8      4B8        4         0
                text7                               3A7      3A7       2A         0
                text6                               30A      30A       3E         0
                text5                               348      348       34         0
                text4                               3F8      3F8       23         0
                text3                               48B      48B       10         0
                text2                                20       20      1AE         0
                text1                               4AB      4AB        D         0
                maintext                            1CE      1CE       A4         0
                idataBANK0                          4C4      4C4        1         0

        CLASS   STRCODE        

        CLASS   STRING         
                strings                             3D1      3D1       27         0

        CLASS   CONST          

        CLASS   ENTRY          

        CLASS   COMMON         
                cstackCOMMON                         70       70        D         1

        CLASS   BANK0          
                cstackBANK0                          20       20       2C         1
                dataBANK0                            4F       4F        1         1
                bssBANK0                             4C       4C        2         1
                bitbssBANK0                         270       4E        1         1

        CLASS   BANK1          

        CLASS   BANK2          

        CLASS   BANK3          

        CLASS   RAM            

        CLASS   ABS1           
                abs_s1                               7E       7E        2         1

        CLASS   SFR0           

        CLASS   SFR1           

        CLASS   SFR2           

        CLASS   SFR3           

        CLASS   CONFIG         
                config                             2007     2007        2         0

        CLASS   IDLOC          

        CLASS   EEDATA         



SEGMENTS        Name                           Load    Length   Top    Selector   Space  Class     Delta

                reset_vec                      000000  000003  000003         0       0  CODE        2
                intentry                       000004  0003CD  0003D1         8       0  CODE        2
                cstackBANK0                    000020  000030  000050        20       1  BANK0       1
                cstackCOMMON                   000070  00000D  00007D        70       1  COMMON      1
                strings                        0003D1  000027  0003F8       7A2       0  STRING      2
                text4                          0003F8  0000CD  0004C5       7F0       0  CODE        2
                config                         002007  000002  002009      400E       0  CONFIG      2


UNUSED ADDRESS RANGES

        Name                Unused          Largest block    Delta
        BANK0            0050-006F             20           1
        BANK1            00A0-00EF             50           1
        BANK2            0110-016F             60           1
        BANK3            0190-01EF             60           1
        CODE             0003-0003              1           2
                         04C5-1FFF            800
        COMMON           007D-007D              1           1
        CONST            0003-0003              1           2
                         04C5-1FFF            100
        EEDATA           2100-21FF            100           2
        ENTRY            0003-0003              1           2
                         04C5-1FFF            100
        IDLOC            2000-2003              4           2
        RAM              0050-006F             20           1
                         00A0-00EF             50
                         0110-016F             60
                         0190-01EF             60
        SFR0             0000-001F             20           1
        SFR1             0080-009F             20           1
        SFR2             0100-010F             10           1
        SFR3             0180-018F             10           1
        STACK            0110-016F             60           1
        STRCODE          0003-0003              1           2
                         04C5-1FFF           1B3B
        STRING           0003-0003              1           2
                         04C5-1FFF            100

                                  Symbol Table

?___lwdiv                  cstackBANK0  0026
?___lwmod                  cstackBANK0  002E
?___wmul                   cstackBANK0  0020
?_adc_read_0               cstackCOMMON 0070
?_sprintf                  cstackBANK0  0034
_ADC                       bssBANK0     004C
_ADCS0                     (abs)        00FE
_ADCS1                     (abs)        00FF
_ADFM                      (abs)        04FF
_ADON                      (abs)        00F8
_ADRESH                    (abs)        001E
_ADRESL                    (abs)        009E
_ANS12                     (abs)        0C4C
_ANS13                     (abs)        0C4D
_ANS2                      (abs)        0C42
_ANS3                      (abs)        0C43
_ANS8                      (abs)        0C48
_ANSEL                     (abs)        0188
_ANSELH                    (abs)        0189
_CHS0                      (abs)        00FA
_CHS1                      (abs)        00FB
_CHS2                      (abs)        00FC
_CHS3                      (abs)        00FD
_GIE                       (abs)        005F
_GO                        (abs)        00F9
_IOCB6                     (abs)        04B6
_LCD_RS_SetHigh            text8        04B8
_LCD_RS_SetLow             text15       04C0
_LCD_RW_SetLow             text10       04BC
_PS0                       (abs)        0408
_PS1                       (abs)        0409
_PS2                       (abs)        040A
_PSA                       (abs)        040B
_RA2                       (abs)        002A
_RA3                       (abs)        002B
_RA4                       (abs)        002C
_RB0                       (abs)        0030
_RB1                       (abs)        0031
_RB2                       (abs)        0032
_RB5                       (abs)        0035
_RB7                       (abs)        0037
_RBIE                      (abs)        005B
_RC0                       (abs)        0038
_RC3                       (abs)        003B
_RC4                       (abs)        003C
_RC5                       (abs)        003D
_T0CS                      (abs)        040D
_T0IE                      (abs)        005D
_T0IF                      (abs)        005A
_TMR0                      (abs)        0001
_TRISA                     (abs)        0085
_TRISA2                    (abs)        042A
_TRISA3                    (abs)        042B
_TRISA4                    (abs)        042C
_TRISB0                    (abs)        0430
_TRISB1                    (abs)        0431
_TRISB2                    (abs)        0432
_TRISB5                    (abs)        0435
_TRISB6                    (abs)        0436
_TRISB7                    (abs)        0437
_TRISC                     (abs)        0087
_VCFG0                     (abs)        04FC
_VCFG1                     (abs)        04FD
_WPUB6                     (abs)        04AE
__CFG_BOR4V$BOR40V         (abs)        0000
__CFG_BOREN$ON             (abs)        0000
__CFG_CP$OFF               (abs)        0000
__CFG_CPD$OFF              (abs)        0000
__CFG_FCMEN$ON             (abs)        0000
__CFG_FOSC$EC              (abs)        0000
__CFG_IESO$ON              (abs)        0000
__CFG_LVP$OFF              (abs)        0000
__CFG_MCLRE$ON             (abs)        0000
__CFG_PWRTE$OFF            (abs)        0000
__CFG_WDTE$OFF             (abs)        0000
__CFG_WRT$OFF              (abs)        0000
__Habs1                    abs1         0000
__Hbank0                   bank0        0000
__Hbank1                   bank1        0000
__Hbank2                   bank2        0000
__Hbank3                   bank3        0000
__HbitbssBANK0             bitbssBANK0  0000
__HbssBANK0                bssBANK0     0000
__Hcinit                   cinit        0020
__Hclrtext                 clrtext      0000
__Hcode                    code         0000
__Hcommon                  common       0000
__Hconfig                  config       2009
__HcstackBANK0             cstackBANK0  0000
__HcstackCOMMON            cstackCOMMON 0000
__HdataBANK0               dataBANK0    0000
__Heeprom_data             eeprom_data  0000
__Hend_init                end_init     0015
__Hfunctab                 functab      0000
__HidataBANK0              idataBANK0   0000
__Hidloc                   idloc        0000
__Hinit                    init         0012
__Hintentry                intentry     0012
__Hmaintext                maintext     0000
__Hpowerup                 powerup      0000
__Hram                     ram          0000
__Hreset_vec               reset_vec    0003
__Hsfr0                    sfr0         0000
__Hsfr1                    sfr1         0000
__Hsfr2                    sfr2         0000
__Hsfr3                    sfr3         0000
__Hspace_0                 (abs)        2009
__Hspace_1                 (abs)        0271
__Hspace_2                 (abs)        0000
__Hspace_3                 (abs)        0000
__Hstack                   stack        0000
__Hstrings                 strings      0000
__Htext                    text         0000
__Labs1                    abs1         0000
__Lbank0                   bank0        0000
__Lbank1                   bank1        0000
__Lbank2                   bank2        0000
__Lbank3                   bank3        0000
__LbitbssBANK0             bitbssBANK0  0000
__LbssBANK0                bssBANK0     0000
__Lcinit                   cinit        0015
__Lclrtext                 clrtext      0000
__Lcode                    code         0000
__Lcommon                  common       0000
__Lconfig                  config       2007
__LcstackBANK0             cstackBANK0  0000
__LcstackCOMMON            cstackCOMMON 0000
__LdataBANK0               dataBANK0    0000
__Leeprom_data             eeprom_data  0000
__Lend_init                end_init     0012
__Lfunctab                 functab      0000
__LidataBANK0              idataBANK0   0000
__Lidloc                   idloc        0000
__Linit                    init         0012
__Lintentry                intentry     0004
__Lmaintext                maintext     0000
__Lpowerup                 powerup      0000
__Lram                     ram          0000
__Lreset_vec               reset_vec    0000
__Lsfr0                    sfr0         0000
__Lsfr1                    sfr1         0000
__Lsfr2                    sfr2         0000
__Lsfr3                    sfr3         0000
__Lspace_0                 (abs)        0000
__Lspace_1                 (abs)        0000
__Lspace_2                 (abs)        0000
__Lspace_3                 (abs)        0000
__Lstack                   stack        0000
__Lstrings                 strings      0000
__Ltext                    text         0000
__S0                       (abs)        2009
__S1                       (abs)        007D
__S2                       (abs)        0000
__S3                       (abs)        0000
___int_sp                  stack        0000
___latbits                 (abs)        0002
___lwdiv                   text6        030A
___lwdiv@counter           cstackBANK0  002D
___lwdiv@dividend          cstackBANK0  0028
___lwdiv@divisor           cstackBANK0  0026
___lwdiv@quotient          cstackBANK0  002B
___lwmod                   text5        0348
___lwmod@counter           cstackBANK0  0033
___lwmod@dividend          cstackBANK0  0030
___lwmod@divisor           cstackBANK0  002E
___sp                      stack        0000
___wmul                    text4        03F8
___wmul@multiplicand       cstackBANK0  0022
___wmul@multiplier         cstackBANK0  0020
___wmul@product            cstackBANK0  0024
__end_of_LCD_RS_SetHigh    text8        04BC
__end_of_LCD_RS_SetLow     text15       04C4
__end_of_LCD_RW_SetLow     text10       04C0
__end_of___lwdiv           text6        0348
__end_of___lwmod           text5        037C
__end_of___wmul            text4        041B
__end_of__initialization   cinit        001C
__end_of__stringtab        strings      03E1
__end_of_adc_init_0        text16       045A
__end_of_adc_read_0        text18       03A7
__end_of_dpowers           strings      03EB
__end_of_isdigit           text3        049B
__end_of_isr               text17       0476
__end_of_lcd_cursor        text12       048B
__end_of_lcd_goto          text11       04AB
__end_of_lcd_init          text9        02C6
__end_of_lcd_puts          text7        03D1
__end_of_lcd_write         text13       043C
__end_of_lcd_write_nibble  text14       030A
__end_of_main              maintext     0272
__end_of_sprintf           text2        01CE
__end_of_t0_init           text1        04B8
__initialization           cinit        0015
__pbitbssBANK0             bitbssBANK0  0270
__pbssBANK0                bssBANK0     004C
__pcstackBANK0             cstackBANK0  0020
__pcstackCOMMON            cstackCOMMON 0070
__pdataBANK0               dataBANK0    004F
__pidataBANK0              idataBANK0   04C4
__pintentry                intentry     0004
__pmaintext                maintext     01CE
__pstrings                 strings      03D1
__ptext1                   text1        04AB
__ptext10                  text10       04BC
__ptext11                  text11       049B
__ptext12                  text12       0476
__ptext13                  text13       041B
__ptext14                  text14       02C6
__ptext15                  text15       04C0
__ptext16                  text16       043C
__ptext17                  text17       045A
__ptext18                  text18       037C
__ptext2                   text2        0020
__ptext3                   text3        048B
__ptext4                   text4        03F8
__ptext5                   text5        0348
__ptext6                   text6        030A
__ptext7                   text7        03A7
__ptext8                   text8        04B8
__ptext9                   text9        0272
__size_of_LCD_RS_SetHigh   (abs)        0000
__size_of_LCD_RS_SetLow    (abs)        0000
__size_of_LCD_RW_SetLow    (abs)        0000
__size_of___lwdiv          (abs)        0000
__size_of___lwmod          (abs)        0000
__size_of___wmul           (abs)        0000
__size_of_adc_init_0       (abs)        0000
__size_of_adc_read_0       (abs)        0000
__size_of_isdigit          (abs)        0000
__size_of_isr              (abs)        0000
__size_of_lcd_cursor       (abs)        0000
__size_of_lcd_goto         (abs)        0000
__size_of_lcd_init         (abs)        0000
__size_of_lcd_puts         (abs)        0000
__size_of_lcd_write        (abs)        0000
__size_of_lcd_write_nibble (abs)        0000
__size_of_main             (abs)        0000
__size_of_sprintf          (abs)        0000
__size_of_t0_init          (abs)        0000
__stringbase               strings      03E0
__stringtab                strings      03D1
_adc_init_0                text16       043C
_adc_read_0                text18       037C
_dpowers                   strings      03E1
_isdigit                   text3        048B
_isdigit$384               cstackBANK0  0020
_isr                       text17       045A
_lcd_cursor                text12       0476
_lcd_goto                  text11       049B
_lcd_init                  text9        0272
_lcd_puts                  text7        03A7
_lcd_write                 text13       041B
_lcd_write_nibble          text14       02C6
_main                      maintext     01CE
_main$651                  cstackBANK0  0046
_nRBPU                     (abs)        040F
_sprintf                   text2        0020
_swPressed                 bitbssBANK0  0270
_t0_init                   text1        04AB
adc_read_0@result          cstackCOMMON 0077
btemp                      (abs)        007E
end_of_initialization      cinit        001C
interrupt_function         intentry     0004
intlevel0                  functab      0000
intlevel1                  functab      0000
intlevel2                  functab      0000
intlevel3                  functab      0000
intlevel4                  functab      0000
intlevel5                  functab      0000
io_sw_read@swOld           dataBANK0    004F
isdigit@c                  cstackBANK0  0021
lcd_cursor@on              cstackBANK0  0024
lcd_goto@pos               cstackBANK0  0024
lcd_puts@s                 cstackBANK0  0024
lcd_write@c                cstackBANK0  0023
lcd_write_nibble@c         cstackBANK0  0021
main@message               cstackBANK0  0048
reset_vec                  reset_vec    0000
saved_w                    (abs)        007E
sprintf@ap                 cstackBANK0  003A
sprintf@c                  cstackBANK0  0042
sprintf@f                  cstackBANK0  0034
sprintf@flag               cstackBANK0  003E
sprintf@prec               cstackBANK0  003B
sprintf@sp                 cstackBANK0  0041
sprintf@val                cstackBANK0  003C
sprintf@width              cstackBANK0  003F
stackhi                    (abs)        0000
stacklo                    (abs)        0000
start                      init         0012
start_initialization       cinit        0015
wtemp0                     (abs)        007E


FUNCTION INFORMATION:

 *************** function _main *****************
 Defined at:
		line 66 in file "main.c"
 Parameters:    Size  Location     Type
		None
 Auto vars:     Size  Location     Type
  message         4   40[BANK0 ] unsigned char [4]
 Return value:  Size  Location     Type
                  1    wreg      void 
 Registers used:
		wreg, fsr0l, fsr0h, status,2, status,0, btemp+1, pclath, cstack
 Tracked objects:
		On entry : 
		On exit  : 
		Unchanged: 
 Data sizes:     COMMON   BANK0   BANK1   BANK3   BANK2
      Params:         0       0       0       0       0
      Locals:         0       6       0       0       0
      Temps:          0       3       0       0       0
      Totals:         0       9       0       0       0
Total ram usage:        9 bytes
 Hardware stack levels required when called:    5
 This function calls:
		___lwdiv
		___wmul
		_adc_init_0
		_lcd_cursor
		_lcd_goto
		_lcd_init
		_lcd_puts
		_sprintf
		_t0_init
 This function is called by:
		Startup code after reset
 This function uses a non-reentrant model


 *************** function _t0_init *****************
 Defined at:
		line 55 in file "main.c"
 Parameters:    Size  Location     Type
		None
 Auto vars:     Size  Location     Type
		None
 Return value:  Size  Location     Type
                  1    wreg      void 
 Registers used:
		wreg
 Tracked objects:
		On entry : 
		On exit  : 
		Unchanged: 
 Data sizes:     COMMON   BANK0   BANK1   BANK3   BANK2
      Params:         0       0       0       0       0
      Locals:         0       0       0       0       0
      Temps:          0       0       0       0       0
      Totals:         0       0       0       0       0
Total ram usage:        0 bytes
 Hardware stack levels used:    1
 Hardware stack levels required when called:    2
 This function calls:
		Nothing
 This function is called by:
		_main
 This function uses a non-reentrant model


 *************** function _sprintf *****************
 Defined at:
		line 492 in file "C:\Program Files (x86)\Microchip\xc8\v1.45\sources\common\doprnt.c"
 Parameters:    Size  Location     Type
  sp              1    wreg     PTR unsigned char 
		 -> main@message(4), 
  f               1   20[BANK0 ] PTR const unsigned char 
		 -> STR_3(5), STR_2(5), 
 Auto vars:     Size  Location     Type
  sp              1   33[BANK0 ] PTR unsigned char 
		 -> main@message(4), 
  tmpval          4    0        struct .
  width           2   31[BANK0 ] int 
  val             2   28[BANK0 ] unsigned int 
  cp              2    0        PTR const unsigned char 
  len             2    0        unsigned int 
  c               1   34[BANK0 ] char 
  flag            1   30[BANK0 ] unsigned char 
  prec            1   27[BANK0 ] char 
  ap              1   26[BANK0 ] PTR void [1]
		 -> ?_sprintf(2), 
 Return value:  Size  Location     Type
                  2   20[BANK0 ] int 
 Registers used:
		wreg, fsr0l, fsr0h, status,2, status,0, btemp+1, pclath, cstack
 Tracked objects:
		On entry : 
		On exit  : 
		Unchanged: 
 Data sizes:     COMMON   BANK0   BANK1   BANK3   BANK2
      Params:         0       3       0       0       0
      Locals:         0       9       0       0       0
      Temps:          0       3       0       0       0
      Totals:         0      15       0       0       0
Total ram usage:       15 bytes
 Hardware stack levels used:    1
 Hardware stack levels required when called:    3
 This function calls:
		___lwdiv
		___lwmod
		___wmul
		_isdigit
 This function is called by:
		_main
 This function uses a non-reentrant model


 *************** function _isdigit *****************
 Defined at:
		line 8 in file "C:\Program Files (x86)\Microchip\xc8\v1.45\sources\common\isdigit.c"
 Parameters:    Size  Location     Type
  c               1    wreg     unsigned char 
 Auto vars:     Size  Location     Type
  c               1    1[BANK0 ] unsigned char 
 Return value:  Size  Location     Type
		None               void
 Registers used:
		wreg, status,2, status,0
 Tracked objects:
		On entry : 
		On exit  : 
		Unchanged: 
 Data sizes:     COMMON   BANK0   BANK1   BANK3   BANK2
      Params:         0       0       0       0       0
      Locals:         0       2       0       0       0
      Temps:          0       0       0       0       0
      Totals:         0       2       0       0       0
Total ram usage:        2 bytes
 Hardware stack levels used:    1
 Hardware stack levels required when called:    2
 This function calls:
		Nothing
 This function is called by:
		_sprintf
 This function uses a non-reentrant model


 *************** function ___wmul *****************
 Defined at:
		line 15 in file "C:\Program Files (x86)\Microchip\xc8\v1.45\sources\common\Umul16.c"
 Parameters:    Size  Location     Type
  multiplier      2    0[BANK0 ] unsigned int 
  multiplicand    2    2[BANK0 ] unsigned int 
 Auto vars:     Size  Location     Type
  product         2    4[BANK0 ] unsigned int 
 Return value:  Size  Location     Type
                  2    0[BANK0 ] unsigned int 
 Registers used:
		wreg, status,2, status,0
 Tracked objects:
		On entry : 
		On exit  : 
		Unchanged: 
 Data sizes:     COMMON   BANK0   BANK1   BANK3   BANK2
      Params:         0       4       0       0       0
      Locals:         0       2       0       0       0
      Temps:          0       0       0       0       0
      Totals:         0       6       0       0       0
Total ram usage:        6 bytes
 Hardware stack levels used:    1
 Hardware stack levels required when called:    2
 This function calls:
		Nothing
 This function is called by:
		_main
		_sprintf
 This function uses a non-reentrant model


 *************** function ___lwmod *****************
 Defined at:
		line 6 in file "C:\Program Files (x86)\Microchip\xc8\v1.45\sources\common\lwmod.c"
 Parameters:    Size  Location     Type
  divisor         2   14[BANK0 ] unsigned int 
  dividend        2   16[BANK0 ] unsigned int 
 Auto vars:     Size  Location     Type
  counter         1   19[BANK0 ] unsigned char 
 Return value:  Size  Location     Type
                  2   14[BANK0 ] unsigned int 
 Registers used:
		wreg, status,2, status,0
 Tracked objects:
		On entry : 
		On exit  : 
		Unchanged: 
 Data sizes:     COMMON   BANK0   BANK1   BANK3   BANK2
      Params:         0       4       0       0       0
      Locals:         0       1       0       0       0
      Temps:          0       1       0       0       0
      Totals:         0       6       0       0       0
Total ram usage:        6 bytes
 Hardware stack levels used:    1
 Hardware stack levels required when called:    2
 This function calls:
		Nothing
 This function is called by:
		_sprintf
 This function uses a non-reentrant model


 *************** function ___lwdiv *****************
 Defined at:
		line 6 in file "C:\Program Files (x86)\Microchip\xc8\v1.45\sources\common\lwdiv.c"
 Parameters:    Size  Location     Type
  divisor         2    6[BANK0 ] unsigned int 
  dividend        2    8[BANK0 ] unsigned int 
 Auto vars:     Size  Location     Type
  quotient        2   11[BANK0 ] unsigned int 
  counter         1   13[BANK0 ] unsigned char 
 Return value:  Size  Location     Type
                  2    6[BANK0 ] unsigned int 
 Registers used:
		wreg, status,2, status,0
 Tracked objects:
		On entry : 
		On exit  : 
		Unchanged: 
 Data sizes:     COMMON   BANK0   BANK1   BANK3   BANK2
      Params:         0       4       0       0       0
      Locals:         0       3       0       0       0
      Temps:          0       1       0       0       0
      Totals:         0       8       0       0       0
Total ram usage:        8 bytes
 Hardware stack levels used:    1
 Hardware stack levels required when called:    2
 This function calls:
		Nothing
 This function is called by:
		_main
		_sprintf
 This function uses a non-reentrant model


 *************** function _lcd_puts *****************
 Defined at:
		line 52 in file "lcd.c"
 Parameters:    Size  Location     Type
  s               2    4[BANK0 ] PTR const unsigned char 
		 -> main@message(4), STR_1(8), 
 Auto vars:     Size  Location     Type
		None
 Return value:  Size  Location     Type
                  1    wreg      void 
 Registers used:
		wreg, fsr0l, fsr0h, status,2, status,0, btemp+1, pclath, cstack
 Tracked objects:
		On entry : 
		On exit  : 
		Unchanged: 
 Data sizes:     COMMON   BANK0   BANK1   BANK3   BANK2
      Params:         0       2       0       0       0
      Locals:         0       0       0       0       0
      Temps:          0       0       0       0       0
      Totals:         0       2       0       0       0
Total ram usage:        2 bytes
 Hardware stack levels used:    1
 Hardware stack levels required when called:    4
 This function calls:
		_LCD_RS_SetHigh
		_lcd_write
 This function is called by:
		_main
 This function uses a non-reentrant model


 *************** function _LCD_RS_SetHigh *****************
 Defined at:
		line 24 in file "lcd.c"
 Parameters:    Size  Location     Type
		None
 Auto vars:     Size  Location     Type
		None
 Return value:  Size  Location     Type
                  1    wreg      void 
 Registers used:
		None
 Tracked objects:
		On entry : 
		On exit  : 
		Unchanged: 
 Data sizes:     COMMON   BANK0   BANK1   BANK3   BANK2
      Params:         0       0       0       0       0
      Locals:         0       0       0       0       0
      Temps:          0       0       0       0       0
      Totals:         0       0       0       0       0
Total ram usage:        0 bytes
 Hardware stack levels used:    1
 Hardware stack levels required when called:    2
 This function calls:
		Nothing
 This function is called by:
		_lcd_puts
		_lcd_putchar
 This function uses a non-reentrant model


 *************** function _lcd_init *****************
 Defined at:
		line 84 in file "lcd.c"
 Parameters:    Size  Location     Type
		None
 Auto vars:     Size  Location     Type
		None
 Return value:  Size  Location     Type
                  1    wreg      void 
 Registers used:
		wreg, status,2, status,0, pclath, cstack
 Tracked objects:
		On entry : 
		On exit  : 
		Unchanged: 
 Data sizes:     COMMON   BANK0   BANK1   BANK3   BANK2
      Params:         0       0       0       0       0
      Locals:         0       0       0       0       0
      Temps:          0       2       0       0       0
      Totals:         0       2       0       0       0
Total ram usage:        2 bytes
 Hardware stack levels used:    1
 Hardware stack levels required when called:    4
 This function calls:
		_LCD_RS_SetLow
		_LCD_RW_SetLow
		_lcd_write
 This function is called by:
		_main
 This function uses a non-reentrant model


 *************** function _LCD_RW_SetLow *****************
 Defined at:
		line 25 in file "lcd.c"
 Parameters:    Size  Location     Type
		None
 Auto vars:     Size  Location     Type
		None
 Return value:  Size  Location     Type
                  1    wreg      void 
 Registers used:
		None
 Tracked objects:
		On entry : 
		On exit  : 
		Unchanged: 
 Data sizes:     COMMON   BANK0   BANK1   BANK3   BANK2
      Params:         0       0       0       0       0
      Locals:         0       0       0       0       0
      Temps:          0       0       0       0       0
      Totals:         0       0       0       0       0
Total ram usage:        0 bytes
 Hardware stack levels used:    1
 Hardware stack levels required when called:    2
 This function calls:
		Nothing
 This function is called by:
		_lcd_init
 This function uses a non-reentrant model


 *************** function _lcd_goto *****************
 Defined at:
		line 59 in file "lcd.c"
 Parameters:    Size  Location     Type
  pos             1    wreg     unsigned char 
 Auto vars:     Size  Location     Type
  pos             1    4[BANK0 ] unsigned char 
 Return value:  Size  Location     Type
                  1    wreg      void 
 Registers used:
		wreg, status,2, status,0, pclath, cstack
 Tracked objects:
		On entry : 
		On exit  : 
		Unchanged: 
 Data sizes:     COMMON   BANK0   BANK1   BANK3   BANK2
      Params:         0       0       0       0       0
      Locals:         0       1       0       0       0
      Temps:          0       0       0       0       0
      Totals:         0       1       0       0       0
Total ram usage:        1 bytes
 Hardware stack levels used:    1
 Hardware stack levels required when called:    4
 This function calls:
		_LCD_RS_SetLow
		_lcd_write
 This function is called by:
		_main
 This function uses a non-reentrant model


 *************** function _lcd_cursor *****************
 Defined at:
		line 68 in file "lcd.c"
 Parameters:    Size  Location     Type
  on              2    4[BANK0 ] int 
 Auto vars:     Size  Location     Type
		None
 Return value:  Size  Location     Type
                  1    wreg      void 
 Registers used:
		wreg, status,2, status,0, pclath, cstack
 Tracked objects:
		On entry : 
		On exit  : 
		Unchanged: 
 Data sizes:     COMMON   BANK0   BANK1   BANK3   BANK2
      Params:         0       2       0       0       0
      Locals:         0       0       0       0       0
      Temps:          0       0       0       0       0
      Totals:         0       2       0       0       0
Total ram usage:        2 bytes
 Hardware stack levels used:    1
 Hardware stack levels required when called:    4
 This function calls:
		_LCD_RS_SetLow
		_lcd_write
 This function is called by:
		_main
 This function uses a non-reentrant model


 *************** function _lcd_write *****************
 Defined at:
		line 38 in file "lcd.c"
 Parameters:    Size  Location     Type
  c               1    wreg     unsigned char 
 Auto vars:     Size  Location     Type
  c               1    3[BANK0 ] unsigned char 
 Return value:  Size  Location     Type
                  1    wreg      void 
 Registers used:
		wreg, status,2, status,0, pclath, cstack
 Tracked objects:
		On entry : 
		On exit  : 
		Unchanged: 
 Data sizes:     COMMON   BANK0   BANK1   BANK3   BANK2
      Params:         0       0       0       0       0
      Locals:         0       1       0       0       0
      Temps:          0       1       0       0       0
      Totals:         0       2       0       0       0
Total ram usage:        2 bytes
 Hardware stack levels used:    1
 Hardware stack levels required when called:    3
 This function calls:
		_lcd_write_nibble
 This function is called by:
		_lcd_puts
		_lcd_goto
		_lcd_cursor
		_lcd_init
		_lcd_clear
		_lcd_putchar
 This function uses a non-reentrant model


 *************** function _lcd_write_nibble *****************
 Defined at:
		line 28 in file "lcd.c"
 Parameters:    Size  Location     Type
  c               1    wreg     unsigned char 
 Auto vars:     Size  Location     Type
  c               1    1[BANK0 ] unsigned char 
 Return value:  Size  Location     Type
                  1    wreg      void 
 Registers used:
		wreg, status,2, status,0
 Tracked objects:
		On entry : 
		On exit  : 
		Unchanged: 
 Data sizes:     COMMON   BANK0   BANK1   BANK3   BANK2
      Params:         0       0       0       0       0
      Locals:         0       1       0       0       0
      Temps:          0       1       0       0       0
      Totals:         0       2       0       0       0
Total ram usage:        2 bytes
 Hardware stack levels used:    1
 Hardware stack levels required when called:    2
 This function calls:
		Nothing
 This function is called by:
		_lcd_write
 This function uses a non-reentrant model


 *************** function _LCD_RS_SetLow *****************
 Defined at:
		line 23 in file "lcd.c"
 Parameters:    Size  Location     Type
		None
 Auto vars:     Size  Location     Type
		None
 Return value:  Size  Location     Type
                  1    wreg      void 
 Registers used:
		None
 Tracked objects:
		On entry : 
		On exit  : 
		Unchanged: 
 Data sizes:     COMMON   BANK0   BANK1   BANK3   BANK2
      Params:         0       0       0       0       0
      Locals:         0       0       0       0       0
      Temps:          0       0       0       0       0
      Totals:         0       0       0       0       0
Total ram usage:        0 bytes
 Hardware stack levels used:    1
 Hardware stack levels required when called:    2
 This function calls:
		Nothing
 This function is called by:
		_lcd_goto
		_lcd_cursor
		_lcd_init
		_lcd_clear
 This function uses a non-reentrant model


 *************** function _adc_init_0 *****************
 Defined at:
		line 11 in file "adc.c"
 Parameters:    Size  Location     Type
		None
 Auto vars:     Size  Location     Type
		None
 Return value:  Size  Location     Type
                  1    wreg      void 
 Registers used:
		wreg, status,2
 Tracked objects:
		On entry : 
		On exit  : 
		Unchanged: 
 Data sizes:     COMMON   BANK0   BANK1   BANK3   BANK2
      Params:         0       0       0       0       0
      Locals:         0       0       0       0       0
      Temps:          0       0       0       0       0
      Totals:         0       0       0       0       0
Total ram usage:        0 bytes
 Hardware stack levels used:    1
 Hardware stack levels required when called:    2
 This function calls:
		Nothing
 This function is called by:
		_main
 This function uses a non-reentrant model


 *************** function _isr *****************
 Defined at:
		line 44 in file "main.c"
 Parameters:    Size  Location     Type
		None
 Auto vars:     Size  Location     Type
		None
 Return value:  Size  Location     Type
                  1    wreg      void 
 Registers used:
		wreg, status,2, status,0, pclath, cstack
 Tracked objects:
		On entry : 
		On exit  : 
		Unchanged: 
 Data sizes:     COMMON   BANK0   BANK1   BANK3   BANK2
      Params:         0       0       0       0       0
      Locals:         0       0       0       0       0
      Temps:          4       0       0       0       0
      Totals:         4       0       0       0       0
Total ram usage:        4 bytes
 Hardware stack levels used:    1
 Hardware stack levels required when called:    1
 This function calls:
		_adc_read_0
 This function is called by:
		Interrupt level 1
 This function uses a non-reentrant model


 *************** function _adc_read_0 *****************
 Defined at:
		line 28 in file "adc.c"
 Parameters:    Size  Location     Type
		None
 Auto vars:     Size  Location     Type
  result          2    7[COMMON] int 
 Return value:  Size  Location     Type
                  2    0[COMMON] unsigned int 
 Registers used:
		wreg, status,2, status,0
 Tracked objects:
		On entry : 
		On exit  : 
		Unchanged: 
 Data sizes:     COMMON   BANK0   BANK1   BANK3   BANK2
      Params:         2       0       0       0       0
      Locals:         2       0       0       0       0
      Temps:          5       0       0       0       0
      Totals:         9       0       0       0       0
Total ram usage:        9 bytes
 Hardware stack levels used:    1
 This function calls:
		Nothing
 This function is called by:
		_isr
 This function uses a non-reentrant model



MODULE INFORMATION

Module		Function		Class		Link	Load	Size
C:\Program Files (x86)\Microchip\xc8\v1.45\sources\common\doprnt.c
		_sprintf       		CODE           	0020	0000	431

C:\Program Files (x86)\Microchip\xc8\v1.45\sources\common\doprnt.c estimated size: 431

C:\Program Files (x86)\Microchip\xc8\v1.45\sources\common\Umul16.c
		___wmul        		CODE           	03F8	0000	36

C:\Program Files (x86)\Microchip\xc8\v1.45\sources\common\Umul16.c estimated size: 36

C:\Program Files (x86)\Microchip\xc8\v1.45\sources\common\isdigit.c
		_isdigit       		CODE           	048B	0000	17

C:\Program Files (x86)\Microchip\xc8\v1.45\sources\common\isdigit.c estimated size: 17

C:\Program Files (x86)\Microchip\xc8\v1.45\sources\common\lwmod.c
		___lwmod       		CODE           	0348	0000	53

C:\Program Files (x86)\Microchip\xc8\v1.45\sources\common\lwmod.c estimated size: 53

adc.c
		_adc_read_0    		CODE           	037C	0000	44
		_adc_init_0    		CODE           	043C	0000	31

adc.c estimated size: 75

shared
		__stringtab    		STRING         	03D1	0000	17
		_dpowers       		STRING         	03E1	0000	11
		__initialization		CODE           	0015	0000	8

shared estimated size: 36

C:\Program Files (x86)\Microchip\xc8\v1.45\sources\common\lwdiv.c
		___lwdiv       		CODE           	030A	0000	63

C:\Program Files (x86)\Microchip\xc8\v1.45\sources\common\lwdiv.c estimated size: 63

lcd.c
		_lcd_puts      		CODE           	03A7	0000	43
		_lcd_goto      		CODE           	049B	0000	17
		_lcd_cursor    		CODE           	0476	0000	22
		_LCD_RS_SetLow 		CODE           	04C0	0000	5
		_LCD_RS_SetHigh		CODE           	04B8	0000	5
		_lcd_write     		CODE           	041B	0000	34
		_lcd_write_nibble		CODE           	02C6	0000	69
		_LCD_RW_SetLow 		CODE           	04BC	0000	5
		_lcd_init      		CODE           	0272	0000	85

lcd.c estimated size: 285

main.c
		_main          		CODE           	01CE	0000	165
		_t0_init       		CODE           	04AB	0000	14
		_isr           		CODE           	045A	0000	29

main.c estimated size: 208

