Microchip MPLAB XC8 Compiler V1.45 ()

Linker command line:

-W-3 --edf=C:\Program Files (x86)\Microchip\xc8\v1.45\dat\en_msgs.txt -cs \
  -h+dist/default/production\Lab6.X.production.sym \
  --cmf=dist/default/production\Lab6.X.production.cmf -z -Q16F886 \
  -oC:\Users\JOO~1\AppData\Local\Temp\ska8.2 \
  -Mdist/default/production/Lab6.X.production.map -E1 -ver=XC8 \
  -ASTACK=0110h-016fh -pstack=STACK -ACODE=00h-07FFhx4 -ASTRCODE=00h-01FFFh \
  -ASTRING=00h-0FFhx32 -ACONST=00h-0FFhx32 -AENTRY=00h-0FFhx32 \
  -ACOMMON=070h-07Fh -ABANK0=020h-06Fh -ABANK1=0A0h-0EFh \
  -ABANK2=0110h-016Fh -ABANK3=0190h-01EFh \
  -ARAM=020h-06Fh,0A0h-0EFh,0110h-016Fh,0190h-01EFh \
  -AABS1=020h-07Fh,0A0h-0EFh,0110h-016Fh,0190h-01EFh -ASFR0=00h-01Fh \
  -ASFR1=080h-09Fh -ASFR2=0100h-010Fh -ASFR3=0180h-018Fh \
  -preset_vec=00h,intentry=04h,init,end_init -ppowerup=CODE -pcinit=CODE \
  -pfunctab=ENTRY -ACONFIG=02007h-02008h -pconfig=CONFIG -DCONFIG=2 \
  -AIDLOC=02000h-02003h -pidloc=IDLOC -DIDLOC=2 -AEEDATA=00h-0FFh/02100h \
  -peeprom_data=EEDATA -DEEDATA=2 -DCODE=2 -DSTRCODE=2 -DSTRING=2 -DCONST=2 \
  -DENTRY=2 -k C:\Users\JOO~1\AppData\Local\Temp\ska8.obj \
  dist/default/production\Lab6.X.production.obj 

Object code version is 3.11

Machine type is 16F886



                Name                               Link     Load   Length Selector   Space Scale
C:\Users\JOO~1\AppData\Local\Temp\ska8.obj
                end_init                             12       12        3        8       0
                reset_vec                             0        0        3        0       0
                config                             2007     2007        2     400E       0
dist/default/production\Lab6.X.production.obj
                cinit                                15       15        B        8       0
                intentry                              4        4        E        8       0
                text27                              6AC      6AC       2B      C94       0
                text26                              7F2      7F2        D      C94       0
                text25                              76E      76E       1D      C94       0
                text24                              5DA      5DA       3B        8       0
                text23                              701      701       29      C94       0
                text22                              7D6      7D6        F      C94       0
                text21                              FF9      FF9        7     1FF2       0
                text20                              FED      FED        4     1FDA       0
                text19                              558      558       44        8       0
                text18                              74D      74D       21      C94       0
                text17                              78B      78B       16      C94       0
                text16                              7A1      7A1       15      C94       0
                text15                              7C6      7C6       10      C94       0
                text14                              FF1      FF1        4     1FE2       0
                text13                              504      504       54        8       0
                text12                              FF5      FF5        4     1FEA       0
                text11                              6D7      6D7       2A      C94       0
                text10                              4A9      4A9       5B        8       0
                text9                               72A      72A       23      C94       0
                text8                               2CB      2CB      124        8       0
                text7                               67E      67E       2E      C94       0
                text6                               3EF      3EF       BA        8       0
                text5                               59C      59C       3E        8       0
                text4                               64A      64A       34      C94       0
                text3                               7B6      7B6       10      C94       0
                text2                                20       20      176        8       0
                text1                               7E5      7E5        D      C94       0
                maintext                            196      196      135        8       0
                cstackBANK0                          20       20       30       20       1
                cstackCOMMON                         70       70        E       70       1
                dataBANK0                            53       53        1       20       1
                bssBANK0                             50       50        2       20       1
                bitbssBANK0                         290       52        1       20       1     8
                strings                             615      615       35      C2A       0
                idataBANK0                          7FF      7FF        1      C94       0

TOTAL           Name                               Link     Load   Length     Space
        CLASS   STACK          

        CLASS   CODE           
                end_init                             12       12        3         0
                cinit                                15       15        B         0
                intentry                              4        4        E         0
                reset_vec                             0        0        3         0
                text27                              6AC      6AC       2B         0
                text26                              7F2      7F2        D         0
                text25                              76E      76E       1D         0
                text24                              5DA      5DA       3B         0
                text23                              701      701       29         0
                text22                              7D6      7D6        F         0
                text21                              FF9      FF9        7         0
                text20                              FED      FED        4         0
                text19                              558      558       44         0
                text18                              74D      74D       21         0
                text17                              78B      78B       16         0
                text16                              7A1      7A1       15         0
                text15                              7C6      7C6       10         0
                text14                              FF1      FF1        4         0
                text13                              504      504       54         0
                text12                              FF5      FF5        4         0
                text11                              6D7      6D7       2A         0
                text10                              4A9      4A9       5B         0
                text9                               72A      72A       23         0
                text8                               2CB      2CB      124         0
                text7                               67E      67E       2E         0
                text6                               3EF      3EF       BA         0
                text5                               59C      59C       3E         0
                text4                               64A      64A       34         0
                text3                               7B6      7B6       10         0
                text2                                20       20      176         0
                text1                               7E5      7E5        D         0
                maintext                            196      196      135         0
                idataBANK0                          7FF      7FF        1         0

        CLASS   STRCODE        

        CLASS   STRING         
                strings                             615      615       35         0

        CLASS   CONST          

        CLASS   ENTRY          

        CLASS   COMMON         
                cstackCOMMON                         70       70        E         1

        CLASS   BANK0          
                cstackBANK0                          20       20       30         1
                dataBANK0                            53       53        1         1
                bssBANK0                             50       50        2         1
                bitbssBANK0                         290       52        1         1

        CLASS   BANK1          

        CLASS   BANK2          

        CLASS   BANK3          

        CLASS   RAM            

        CLASS   ABS1           
                abs_s1                               7E       7E        2         1

        CLASS   SFR0           

        CLASS   SFR1           

        CLASS   SFR2           

        CLASS   SFR3           

        CLASS   CONFIG         
                config                             2007     2007        2         0

        CLASS   IDLOC          

        CLASS   EEDATA         



SEGMENTS        Name                           Load    Length   Top    Selector   Space  Class     Delta

                reset_vec                      000000  000003  000003         0       0  CODE        2
                intentry                       000004  000611  000615         8       0  CODE        2
                cstackBANK0                    000020  000034  000054        20       1  BANK0       1
                cstackCOMMON                   000070  00000E  00007E        70       1  COMMON      1
                strings                        000615  000035  00064A       C2A       0  STRING      2
                text4                          00064A  0001B6  000800       C94       0  CODE        2
                text20                         000FED  000004  000FF1      1FDA       0  CODE        2
                text14                         000FF1  000004  000FF5      1FE2       0  CODE        2
                text12                         000FF5  000004  000FF9      1FEA       0  CODE        2
                text21                         000FF9  000007  001000      1FF2       0  CODE        2
                config                         002007  000002  002009      400E       0  CONFIG      2


UNUSED ADDRESS RANGES

        Name                Unused          Largest block    Delta
        BANK0            0054-006F             1C           1
        BANK1            00A0-00EF             50           1
        BANK2            0110-016F             60           1
        BANK3            0190-01EF             60           1
        CODE             0003-0003              1           2
                         0800-0FEC            7ED
                         1000-1FFF            800
        CONST            0003-0003              1           2
                         0800-0FEC            100
                         1000-1FFF            100
        EEDATA           2100-21FF            100           2
        ENTRY            0003-0003              1           2
                         0800-0FEC            100
                         1000-1FFF            100
        IDLOC            2000-2003              4           2
        RAM              0054-006F             1C           1
                         00A0-00EF             50
                         0110-016F             60
                         0190-01EF             60
        SFR0             0000-001F             20           1
        SFR1             0080-009F             20           1
        SFR2             0100-010F             10           1
        SFR3             0180-018F             10           1
        STACK            0110-016F             60           1
        STRCODE          0003-0003              1           2
                         0800-0FEC            7ED
                         1000-1FFF           1000
        STRING           0003-0003              1           2
                         0800-0FEC            100
                         1000-1FFF            100

                                  Symbol Table

?___awdiv                  cstackBANK0  0027
?___lwdiv                  cstackBANK0  0021
?___lwmod                  cstackBANK0  0029
?___wmul                   cstackBANK0  0021
?_adc_read_0               cstackCOMMON 0070
?_io_sw_pressed            cstackCOMMON 0070
?_pwm_calc                 cstackBANK0  0030
?_sprintf                  cstackBANK0  002F
_ADC                       bssBANK0     0050
_ADCS0                     (abs)        00FE
_ADCS1                     (abs)        00FF
_ADFM                      (abs)        04FF
_ADON                      (abs)        00F8
_ADRESH                    (abs)        001E
_ADRESL                    (abs)        009E
_ANS12                     (abs)        0C4C
_ANS13                     (abs)        0C4D
_ANS2                      (abs)        0C42
_ANS3                      (abs)        0C43
_ANS8                      (abs)        0C48
_ANSEL                     (abs)        0188
_ANSELH                    (abs)        0189
_CCP1CONbits               (abs)        0017
_CCP2CONbits               (abs)        001D
_CCPR1L                    (abs)        0015
_CCPR2L                    (abs)        001B
_CHS0                      (abs)        00FA
_CHS1                      (abs)        00FB
_CHS2                      (abs)        00FC
_CHS3                      (abs)        00FD
_DC2B0                     (abs)        00EC
_DC2B1                     (abs)        00ED
_GIE                       (abs)        005F
_GO                        (abs)        00F9
_IOCB6                     (abs)        04B6
_LCD_RS_SetHigh            text12       0FF5
_LCD_RS_SetLow             text20       0FED
_LCD_RW_SetLow             text14       0FF1
_PORTB                     (abs)        0006
_PR2                       (abs)        0092
_PS0                       (abs)        0408
_PS1                       (abs)        0409
_PS2                       (abs)        040A
_PSA                       (abs)        040B
_RA1                       (abs)        0029
_RA2                       (abs)        002A
_RA3                       (abs)        002B
_RA4                       (abs)        002C
_RB0                       (abs)        0030
_RB1                       (abs)        0031
_RB2                       (abs)        0032
_RB5                       (abs)        0035
_RB7                       (abs)        0037
_RBIE                      (abs)        005B
_RBIF                      (abs)        0058
_RC0                       (abs)        0038
_RC3                       (abs)        003B
_RC4                       (abs)        003C
_RC5                       (abs)        003D
_T0CS                      (abs)        040D
_T0IE                      (abs)        005D
_T0IF                      (abs)        005A
_T2CONbits                 (abs)        0012
_TMR0                      (abs)        0001
_TMR2IF                    (abs)        0061
_TMR2ON                    (abs)        0092
_TRISA                     (abs)        0085
_TRISA1                    (abs)        0429
_TRISA2                    (abs)        042A
_TRISA3                    (abs)        042B
_TRISA4                    (abs)        042C
_TRISB0                    (abs)        0430
_TRISB1                    (abs)        0431
_TRISB2                    (abs)        0432
_TRISB5                    (abs)        0435
_TRISB6                    (abs)        0436
_TRISB7                    (abs)        0437
_TRISC                     (abs)        0087
_VCFG0                     (abs)        04FC
_VCFG1                     (abs)        04FD
_WPUB                      (abs)        0095
_WPUB6                     (abs)        04AE
__CFG_BOR4V$BOR40V         (abs)        0000
__CFG_BOREN$ON             (abs)        0000
__CFG_CP$OFF               (abs)        0000
__CFG_CPD$OFF              (abs)        0000
__CFG_FCMEN$ON             (abs)        0000
__CFG_FOSC$EC              (abs)        0000
__CFG_IESO$ON              (abs)        0000
__CFG_LVP$OFF              (abs)        0000
__CFG_MCLRE$ON             (abs)        0000
__CFG_PWRTE$OFF            (abs)        0000
__CFG_WDTE$OFF             (abs)        0000
__CFG_WRT$OFF              (abs)        0000
__Habs1                    abs1         0000
__Hbank0                   bank0        0000
__Hbank1                   bank1        0000
__Hbank2                   bank2        0000
__Hbank3                   bank3        0000
__HbitbssBANK0             bitbssBANK0  0000
__HbssBANK0                bssBANK0     0000
__Hcinit                   cinit        0020
__Hclrtext                 clrtext      0000
__Hcode                    code         0000
__Hcommon                  common       0000
__Hconfig                  config       2009
__HcstackBANK0             cstackBANK0  0000
__HcstackCOMMON            cstackCOMMON 0000
__HdataBANK0               dataBANK0    0000
__Heeprom_data             eeprom_data  0000
__Hend_init                end_init     0015
__Hfunctab                 functab      0000
__HidataBANK0              idataBANK0   0000
__Hidloc                   idloc        0000
__Hinit                    init         0012
__Hintentry                intentry     0012
__Hmaintext                maintext     0000
__Hpowerup                 powerup      0000
__Hram                     ram          0000
__Hreset_vec               reset_vec    0003
__Hsfr0                    sfr0         0000
__Hsfr1                    sfr1         0000
__Hsfr2                    sfr2         0000
__Hsfr3                    sfr3         0000
__Hspace_0                 (abs)        2009
__Hspace_1                 (abs)        0291
__Hspace_2                 (abs)        0000
__Hspace_3                 (abs)        0000
__Hstack                   stack        0000
__Hstrings                 strings      0000
__Htext                    text         0000
__Labs1                    abs1         0000
__Lbank0                   bank0        0000
__Lbank1                   bank1        0000
__Lbank2                   bank2        0000
__Lbank3                   bank3        0000
__LbitbssBANK0             bitbssBANK0  0000
__LbssBANK0                bssBANK0     0000
__Lcinit                   cinit        0015
__Lclrtext                 clrtext      0000
__Lcode                    code         0000
__Lcommon                  common       0000
__Lconfig                  config       2007
__LcstackBANK0             cstackBANK0  0000
__LcstackCOMMON            cstackCOMMON 0000
__LdataBANK0               dataBANK0    0000
__Leeprom_data             eeprom_data  0000
__Lend_init                end_init     0012
__Lfunctab                 functab      0000
__LidataBANK0              idataBANK0   0000
__Lidloc                   idloc        0000
__Linit                    init         0012
__Lintentry                intentry     0004
__Lmaintext                maintext     0000
__Lpowerup                 powerup      0000
__Lram                     ram          0000
__Lreset_vec               reset_vec    0000
__Lsfr0                    sfr0         0000
__Lsfr1                    sfr1         0000
__Lsfr2                    sfr2         0000
__Lsfr3                    sfr3         0000
__Lspace_0                 (abs)        0000
__Lspace_1                 (abs)        0000
__Lspace_2                 (abs)        0000
__Lspace_3                 (abs)        0000
__Lstack                   stack        0000
__Lstrings                 strings      0000
__Ltext                    text         0000
__S0                       (abs)        2009
__S1                       (abs)        007E
__S2                       (abs)        0000
__S3                       (abs)        0000
___awdiv                   text10       04A9
___awdiv@counter           cstackBANK0  002C
___awdiv@dividend          cstackBANK0  0029
___awdiv@divisor           cstackBANK0  0027
___awdiv@quotient          cstackBANK0  002E
___awdiv@sign              cstackBANK0  002D
___int_sp                  stack        0000
___latbits                 (abs)        0002
___lwdiv                   text5        059C
___lwdiv@counter           cstackBANK0  0028
___lwdiv@dividend          cstackBANK0  0023
___lwdiv@divisor           cstackBANK0  0021
___lwdiv@quotient          cstackBANK0  0026
___lwmod                   text4        064A
___lwmod@counter           cstackBANK0  002E
___lwmod@dividend          cstackBANK0  002B
___lwmod@divisor           cstackBANK0  0029
___sp                      stack        0000
___wmul                    text9        072A
___wmul@multiplicand       cstackBANK0  0023
___wmul@multiplier         cstackBANK0  0021
___wmul@product            cstackBANK0  0025
__end_of_LCD_RS_SetHigh    text12       0FF9
__end_of_LCD_RS_SetLow     text20       0FF1
__end_of_LCD_RW_SetLow     text14       0FF5
__end_of___awdiv           text10       0504
__end_of___lwdiv           text5        05DA
__end_of___lwmod           text4        067E
__end_of___wmul            text9        074D
__end_of__initialization   cinit        001C
__end_of__stringtab        strings      0625
__end_of_adc_init_0        text23       072A
__end_of_adc_read_0        text27       06D7
__end_of_dpowers           strings      062F
__end_of_io_init           text22       07E5
__end_of_io_sw_pressed     text26       07FF
__end_of_io_sw_read        text25       078B
__end_of_ioc_init          text21       1000
__end_of_isdigit           text3        07C6
__end_of_isr               text24       0615
__end_of_lcd_clear         text17       07A1
__end_of_lcd_cursor        text16       07B6
__end_of_lcd_goto          text15       07D6
__end_of_lcd_init          text13       0558
__end_of_lcd_puts          text11       0701
__end_of_lcd_write         text18       076E
__end_of_lcd_write_nibble  text19       059C
__end_of_main              maintext     02CB
__end_of_pwm_calc          text8        03EF
__end_of_pwm_init          text7        06AC
__end_of_pwm_set           text6        04A9
__end_of_sprintf           text2        0196
__end_of_t0_init           text1        07F2
__initialization           cinit        0015
__pbitbssBANK0             bitbssBANK0  0290
__pbssBANK0                bssBANK0     0050
__pcstackBANK0             cstackBANK0  0020
__pcstackCOMMON            cstackCOMMON 0070
__pdataBANK0               dataBANK0    0053
__pidataBANK0              idataBANK0   07FF
__pintentry                intentry     0004
__pmaintext                maintext     0196
__pstrings                 strings      0615
__ptext1                   text1        07E5
__ptext10                  text10       04A9
__ptext11                  text11       06D7
__ptext12                  text12       0FF5
__ptext13                  text13       0504
__ptext14                  text14       0FF1
__ptext15                  text15       07C6
__ptext16                  text16       07A1
__ptext17                  text17       078B
__ptext18                  text18       074D
__ptext19                  text19       0558
__ptext2                   text2        0020
__ptext20                  text20       0FED
__ptext21                  text21       0FF9
__ptext22                  text22       07D6
__ptext23                  text23       0701
__ptext24                  text24       05DA
__ptext25                  text25       076E
__ptext26                  text26       07F2
__ptext27                  text27       06AC
__ptext3                   text3        07B6
__ptext4                   text4        064A
__ptext5                   text5        059C
__ptext6                   text6        03EF
__ptext7                   text7        067E
__ptext8                   text8        02CB
__ptext9                   text9        072A
__size_of_LCD_RS_SetHigh   (abs)        0000
__size_of_LCD_RS_SetLow    (abs)        0000
__size_of_LCD_RW_SetLow    (abs)        0000
__size_of___awdiv          (abs)        0000
__size_of___lwdiv          (abs)        0000
__size_of___lwmod          (abs)        0000
__size_of___wmul           (abs)        0000
__size_of_adc_init_0       (abs)        0000
__size_of_adc_read_0       (abs)        0000
__size_of_io_init          (abs)        0000
__size_of_io_sw_pressed    (abs)        0000
__size_of_io_sw_read       (abs)        0000
__size_of_ioc_init         (abs)        0000
__size_of_isdigit          (abs)        0000
__size_of_isr              (abs)        0000
__size_of_lcd_clear        (abs)        0000
__size_of_lcd_cursor       (abs)        0000
__size_of_lcd_goto         (abs)        0000
__size_of_lcd_init         (abs)        0000
__size_of_lcd_puts         (abs)        0000
__size_of_lcd_write        (abs)        0000
__size_of_lcd_write_nibble (abs)        0000
__size_of_main             (abs)        0000
__size_of_pwm_calc         (abs)        0000
__size_of_pwm_init         (abs)        0000
__size_of_pwm_set          (abs)        0000
__size_of_sprintf          (abs)        0000
__size_of_t0_init          (abs)        0000
__stringbase               strings      0624
__stringtab                strings      0615
_adc_init_0                text23       0701
_adc_read_0                text27       06AC
_dpowers                   strings      0625
_io_init                   text22       07D6
_io_sw_pressed             text26       07F2
_io_sw_read                text25       076E
_ioc_init                  text21       0FF9
_isdigit                   text3        07B6
_isdigit$549               cstackBANK0  0021
_isr                       text24       05DA
_lcd_clear                 text17       078B
_lcd_cursor                text16       07A1
_lcd_goto                  text15       07C6
_lcd_init                  text13       0504
_lcd_puts                  text11       06D7
_lcd_write                 text18       074D
_lcd_write_nibble          text19       0558
_main                      maintext     0196
_nRBPU                     (abs)        040F
_pwm_calc                  text8        02CB
_pwm_init                  text7        067E
_pwm_set                   text6        03EF
_pwm_set$814               cstackBANK0  0037
_sprintf                   text2        0020
_swPressed                 bitbssBANK0  0290
_t0_init                   text1        07E5
adc_read_0@result          cstackCOMMON 0077
btemp                      (abs)        007E
end_of_initialization      cinit        001C
interrupt_function         intentry     0004
intlevel0                  functab      0000
intlevel1                  functab      0000
intlevel2                  functab      0000
intlevel3                  functab      0000
intlevel4                  functab      0000
intlevel5                  functab      0000
io_sw_read@port            cstackCOMMON 0072
io_sw_read@swNew           cstackCOMMON 0073
io_sw_read@swOld           dataBANK0    0053
isdigit@c                  cstackBANK0  0022
isr@portB                  cstackBANK0  0020
lcd_cursor@on              cstackBANK0  0025
lcd_goto@pos               cstackBANK0  0025
lcd_puts@s                 cstackBANK0  0025
lcd_write@c                cstackBANK0  0024
lcd_write_nibble@c         cstackBANK0  0022
main@R                     cstackBANK0  0041
main@message               cstackBANK0  0043
main@pwm_dc1               cstackBANK0  004C
main@pwm_dc2               cstackBANK0  004E
pwm_calc@adc_value         cstackBANK0  0030
pwm_calc@pwm_dc1           cstackBANK0  0032
pwm_calc@pwm_dc2           cstackBANK0  0033
pwm_set@pwm_dc1            cstackBANK0  0030
pwm_set@pwm_dc2            cstackBANK0  0032
reset_vec                  reset_vec    0000
saved_w                    (abs)        007E
sprintf@ap                 cstackBANK0  0035
sprintf@c                  cstackBANK0  003D
sprintf@f                  cstackBANK0  002F
sprintf@flag               cstackBANK0  0037
sprintf@prec               cstackBANK0  0036
sprintf@sp                 cstackBANK0  003C
sprintf@val                cstackBANK0  0038
sprintf@width              cstackBANK0  003A
stackhi                    (abs)        0000
stacklo                    (abs)        0000
start                      init         0012
start_initialization       cinit        0015
wtemp0                     (abs)        007E


FUNCTION INFORMATION:

 *************** function _main *****************
 Defined at:
		line 89 in file "main.c"
 Parameters:    Size  Location     Type
		None
 Auto vars:     Size  Location     Type
  message         9   35[BANK0 ] unsigned char [9]
  pwm_dc2         2   46[BANK0 ] int 
  pwm_dc1         2   44[BANK0 ] int 
  R               2   33[BANK0 ] int 
 Return value:  Size  Location     Type
                  1    wreg      void 
 Registers used:
		wreg, fsr0l, fsr0h, status,2, status,0, btemp+1, pclath, cstack
 Tracked objects:
		On entry : 
		On exit  : 
		Unchanged: 
 Data sizes:     COMMON   BANK0   BANK1   BANK3   BANK2
      Params:         0       0       0       0       0
      Locals:         0      15       0       0       0
      Temps:          0       3       0       0       0
      Totals:         0      18       0       0       0
Total ram usage:       18 bytes
 Hardware stack levels required when called:    5
 This function calls:
		_adc_init_0
		_io_init
		_ioc_init
		_lcd_clear
		_lcd_cursor
		_lcd_goto
		_lcd_init
		_lcd_puts
		_pwm_calc
		_pwm_init
		_pwm_set
		_sprintf
		_t0_init
 This function is called by:
		Startup code after reset
 This function uses a non-reentrant model


 *************** function _t0_init *****************
 Defined at:
		line 70 in file "main.c"
 Parameters:    Size  Location     Type
		None
 Auto vars:     Size  Location     Type
		None
 Return value:  Size  Location     Type
                  1    wreg      void 
 Registers used:
		wreg
 Tracked objects:
		On entry : 
		On exit  : 
		Unchanged: 
 Data sizes:     COMMON   BANK0   BANK1   BANK3   BANK2
      Params:         0       0       0       0       0
      Locals:         0       0       0       0       0
      Temps:          0       0       0       0       0
      Totals:         0       0       0       0       0
Total ram usage:        0 bytes
 Hardware stack levels used:    1
 Hardware stack levels required when called:    2
 This function calls:
		Nothing
 This function is called by:
		_main
 This function uses a non-reentrant model


 *************** function _sprintf *****************
 Defined at:
		line 492 in file "C:\Program Files (x86)\Microchip\xc8\v1.45\sources\common\doprnt.c"
 Parameters:    Size  Location     Type
  sp              1    wreg     PTR unsigned char 
		 -> main@message(9), 
  f               1   15[BANK0 ] PTR const unsigned char 
		 -> STR_4(6), STR_3(6), STR_2(7), 
 Auto vars:     Size  Location     Type
  sp              1   28[BANK0 ] PTR unsigned char 
		 -> main@message(9), 
  tmpval          4    0        struct .
  width           2   26[BANK0 ] int 
  val             2   24[BANK0 ] unsigned int 
  cp              2    0        PTR const unsigned char 
  len             2    0        unsigned int 
  c               1   29[BANK0 ] char 
  flag            1   23[BANK0 ] unsigned char 
  prec            1   22[BANK0 ] char 
  ap              1   21[BANK0 ] PTR void [1]
		 -> ?_sprintf(2), 
 Return value:  Size  Location     Type
                  2   15[BANK0 ] int 
 Registers used:
		wreg, fsr0l, fsr0h, status,2, status,0, btemp+1, pclath, cstack
 Tracked objects:
		On entry : 
		On exit  : 
		Unchanged: 
 Data sizes:     COMMON   BANK0   BANK1   BANK3   BANK2
      Params:         0       3       0       0       0
      Locals:         0       9       0       0       0
      Temps:          0       3       0       0       0
      Totals:         0      15       0       0       0
Total ram usage:       15 bytes
 Hardware stack levels used:    1
 Hardware stack levels required when called:    3
 This function calls:
		___lwdiv
		___lwmod
		___wmul
		_isdigit
 This function is called by:
		_main
 This function uses a non-reentrant model


 *************** function _isdigit *****************
 Defined at:
		line 8 in file "C:\Program Files (x86)\Microchip\xc8\v1.45\sources\common\isdigit.c"
 Parameters:    Size  Location     Type
  c               1    wreg     unsigned char 
 Auto vars:     Size  Location     Type
  c               1    2[BANK0 ] unsigned char 
 Return value:  Size  Location     Type
		None               void
 Registers used:
		wreg, status,2, status,0
 Tracked objects:
		On entry : 
		On exit  : 
		Unchanged: 
 Data sizes:     COMMON   BANK0   BANK1   BANK3   BANK2
      Params:         0       0       0       0       0
      Locals:         0       2       0       0       0
      Temps:          0       0       0       0       0
      Totals:         0       2       0       0       0
Total ram usage:        2 bytes
 Hardware stack levels used:    1
 Hardware stack levels required when called:    2
 This function calls:
		Nothing
 This function is called by:
		_sprintf
 This function uses a non-reentrant model


 *************** function ___lwmod *****************
 Defined at:
		line 6 in file "C:\Program Files (x86)\Microchip\xc8\v1.45\sources\common\lwmod.c"
 Parameters:    Size  Location     Type
  divisor         2    9[BANK0 ] unsigned int 
  dividend        2   11[BANK0 ] unsigned int 
 Auto vars:     Size  Location     Type
  counter         1   14[BANK0 ] unsigned char 
 Return value:  Size  Location     Type
                  2    9[BANK0 ] unsigned int 
 Registers used:
		wreg, status,2, status,0
 Tracked objects:
		On entry : 
		On exit  : 
		Unchanged: 
 Data sizes:     COMMON   BANK0   BANK1   BANK3   BANK2
      Params:         0       4       0       0       0
      Locals:         0       1       0       0       0
      Temps:          0       1       0       0       0
      Totals:         0       6       0       0       0
Total ram usage:        6 bytes
 Hardware stack levels used:    1
 Hardware stack levels required when called:    2
 This function calls:
		Nothing
 This function is called by:
		_sprintf
 This function uses a non-reentrant model


 *************** function ___lwdiv *****************
 Defined at:
		line 6 in file "C:\Program Files (x86)\Microchip\xc8\v1.45\sources\common\lwdiv.c"
 Parameters:    Size  Location     Type
  divisor         2    1[BANK0 ] unsigned int 
  dividend        2    3[BANK0 ] unsigned int 
 Auto vars:     Size  Location     Type
  quotient        2    6[BANK0 ] unsigned int 
  counter         1    8[BANK0 ] unsigned char 
 Return value:  Size  Location     Type
                  2    1[BANK0 ] unsigned int 
 Registers used:
		wreg, status,2, status,0
 Tracked objects:
		On entry : 
		On exit  : 
		Unchanged: 
 Data sizes:     COMMON   BANK0   BANK1   BANK3   BANK2
      Params:         0       4       0       0       0
      Locals:         0       3       0       0       0
      Temps:          0       1       0       0       0
      Totals:         0       8       0       0       0
Total ram usage:        8 bytes
 Hardware stack levels used:    1
 Hardware stack levels required when called:    2
 This function calls:
		Nothing
 This function is called by:
		_sprintf
 This function uses a non-reentrant model


 *************** function _pwm_set *****************
 Defined at:
		line 78 in file "pwm.c"
 Parameters:    Size  Location     Type
  pwm_dc1         2   16[BANK0 ] int 
  pwm_dc2         2   18[BANK0 ] int 
 Auto vars:     Size  Location     Type
		None
 Return value:  Size  Location     Type
                  1    wreg      void 
 Registers used:
		wreg, status,2, status,0, btemp+1, pclath, cstack
 Tracked objects:
		On entry : 
		On exit  : 
		Unchanged: 
 Data sizes:     COMMON   BANK0   BANK1   BANK3   BANK2
      Params:         0       4       0       0       0
      Locals:         0       2       0       0       0
      Temps:          0       3       0       0       0
      Totals:         0       9       0       0       0
Total ram usage:        9 bytes
 Hardware stack levels used:    1
 Hardware stack levels required when called:    3
 This function calls:
		___awdiv
 This function is called by:
		_main
 This function uses a non-reentrant model


 *************** function _pwm_init *****************
 Defined at:
		line 11 in file "pwm.c"
 Parameters:    Size  Location     Type
		None
 Auto vars:     Size  Location     Type
		None
 Return value:  Size  Location     Type
                  1    wreg      void 
 Registers used:
		wreg, status,2, status,0
 Tracked objects:
		On entry : 
		On exit  : 
		Unchanged: 
 Data sizes:     COMMON   BANK0   BANK1   BANK3   BANK2
      Params:         0       0       0       0       0
      Locals:         0       0       0       0       0
      Temps:          0       0       0       0       0
      Totals:         0       0       0       0       0
Total ram usage:        0 bytes
 Hardware stack levels used:    1
 Hardware stack levels required when called:    2
 This function calls:
		Nothing
 This function is called by:
		_main
 This function uses a non-reentrant model


 *************** function _pwm_calc *****************
 Defined at:
		line 47 in file "pwm.c"
 Parameters:    Size  Location     Type
  adc_value       2   16[BANK0 ] int 
  pwm_dc1         1   18[BANK0 ] PTR int 
		 -> main@pwm_dc1(2), 
  pwm_dc2         1   19[BANK0 ] PTR int 
		 -> main@pwm_dc2(2), 
 Auto vars:     Size  Location     Type
		None
 Return value:  Size  Location     Type
                  2   16[BANK0 ] int 
 Registers used:
		wreg, fsr0l, fsr0h, status,2, status,0, pclath, cstack
 Tracked objects:
		On entry : 
		On exit  : 
		Unchanged: 
 Data sizes:     COMMON   BANK0   BANK1   BANK3   BANK2
      Params:         0       4       0       0       0
      Locals:         0       0       0       0       0
      Temps:          0       4       0       0       0
      Totals:         0       8       0       0       0
Total ram usage:        8 bytes
 Hardware stack levels used:    1
 Hardware stack levels required when called:    3
 This function calls:
		___awdiv
		___wmul
 This function is called by:
		_main
 This function uses a non-reentrant model


 *************** function ___wmul *****************
 Defined at:
		line 15 in file "C:\Program Files (x86)\Microchip\xc8\v1.45\sources\common\Umul16.c"
 Parameters:    Size  Location     Type
  multiplier      2    1[BANK0 ] unsigned int 
  multiplicand    2    3[BANK0 ] unsigned int 
 Auto vars:     Size  Location     Type
  product         2    5[BANK0 ] unsigned int 
 Return value:  Size  Location     Type
                  2    1[BANK0 ] unsigned int 
 Registers used:
		wreg, status,2, status,0
 Tracked objects:
		On entry : 
		On exit  : 
		Unchanged: 
 Data sizes:     COMMON   BANK0   BANK1   BANK3   BANK2
      Params:         0       4       0       0       0
      Locals:         0       2       0       0       0
      Temps:          0       0       0       0       0
      Totals:         0       6       0       0       0
Total ram usage:        6 bytes
 Hardware stack levels used:    1
 Hardware stack levels required when called:    2
 This function calls:
		Nothing
 This function is called by:
		_pwm_calc
		_sprintf
 This function uses a non-reentrant model


 *************** function ___awdiv *****************
 Defined at:
		line 6 in file "C:\Program Files (x86)\Microchip\xc8\v1.45\sources\common\awdiv.c"
 Parameters:    Size  Location     Type
  divisor         2    7[BANK0 ] int 
  dividend        2    9[BANK0 ] int 
 Auto vars:     Size  Location     Type
  quotient        2   14[BANK0 ] int 
  sign            1   13[BANK0 ] unsigned char 
  counter         1   12[BANK0 ] unsigned char 
 Return value:  Size  Location     Type
                  2    7[BANK0 ] int 
 Registers used:
		wreg, status,2, status,0
 Tracked objects:
		On entry : 
		On exit  : 
		Unchanged: 
 Data sizes:     COMMON   BANK0   BANK1   BANK3   BANK2
      Params:         0       4       0       0       0
      Locals:         0       4       0       0       0
      Temps:          0       1       0       0       0
      Totals:         0       9       0       0       0
Total ram usage:        9 bytes
 Hardware stack levels used:    1
 Hardware stack levels required when called:    2
 This function calls:
		Nothing
 This function is called by:
		_pwm_calc
		_pwm_set
 This function uses a non-reentrant model


 *************** function _lcd_puts *****************
 Defined at:
		line 52 in file "lcd.c"
 Parameters:    Size  Location     Type
  s               2    5[BANK0 ] PTR const unsigned char 
		 -> main@message(9), STR_1(8), 
 Auto vars:     Size  Location     Type
		None
 Return value:  Size  Location     Type
                  1    wreg      void 
 Registers used:
		wreg, fsr0l, fsr0h, status,2, status,0, btemp+1, pclath, cstack
 Tracked objects:
		On entry : 
		On exit  : 
		Unchanged: 
 Data sizes:     COMMON   BANK0   BANK1   BANK3   BANK2
      Params:         0       2       0       0       0
      Locals:         0       0       0       0       0
      Temps:          0       0       0       0       0
      Totals:         0       2       0       0       0
Total ram usage:        2 bytes
 Hardware stack levels used:    1
 Hardware stack levels required when called:    4
 This function calls:
		_LCD_RS_SetHigh
		_lcd_write
 This function is called by:
		_main
 This function uses a non-reentrant model


 *************** function _LCD_RS_SetHigh *****************
 Defined at:
		line 24 in file "lcd.c"
 Parameters:    Size  Location     Type
		None
 Auto vars:     Size  Location     Type
		None
 Return value:  Size  Location     Type
                  1    wreg      void 
 Registers used:
		None
 Tracked objects:
		On entry : 
		On exit  : 
		Unchanged: 
 Data sizes:     COMMON   BANK0   BANK1   BANK3   BANK2
      Params:         0       0       0       0       0
      Locals:         0       0       0       0       0
      Temps:          0       0       0       0       0
      Totals:         0       0       0       0       0
Total ram usage:        0 bytes
 Hardware stack levels used:    1
 Hardware stack levels required when called:    2
 This function calls:
		Nothing
 This function is called by:
		_lcd_puts
		_lcd_putchar
 This function uses a non-reentrant model


 *************** function _lcd_init *****************
 Defined at:
		line 84 in file "lcd.c"
 Parameters:    Size  Location     Type
		None
 Auto vars:     Size  Location     Type
		None
 Return value:  Size  Location     Type
                  1    wreg      void 
 Registers used:
		wreg, status,2, status,0, pclath, cstack
 Tracked objects:
		On entry : 
		On exit  : 
		Unchanged: 
 Data sizes:     COMMON   BANK0   BANK1   BANK3   BANK2
      Params:         0       0       0       0       0
      Locals:         0       0       0       0       0
      Temps:          0       2       0       0       0
      Totals:         0       2       0       0       0
Total ram usage:        2 bytes
 Hardware stack levels used:    1
 Hardware stack levels required when called:    4
 This function calls:
		_LCD_RS_SetLow
		_LCD_RW_SetLow
		_lcd_write
 This function is called by:
		_main
 This function uses a non-reentrant model


 *************** function _LCD_RW_SetLow *****************
 Defined at:
		line 25 in file "lcd.c"
 Parameters:    Size  Location     Type
		None
 Auto vars:     Size  Location     Type
		None
 Return value:  Size  Location     Type
                  1    wreg      void 
 Registers used:
		None
 Tracked objects:
		On entry : 
		On exit  : 
		Unchanged: 
 Data sizes:     COMMON   BANK0   BANK1   BANK3   BANK2
      Params:         0       0       0       0       0
      Locals:         0       0       0       0       0
      Temps:          0       0       0       0       0
      Totals:         0       0       0       0       0
Total ram usage:        0 bytes
 Hardware stack levels used:    1
 Hardware stack levels required when called:    2
 This function calls:
		Nothing
 This function is called by:
		_lcd_init
 This function uses a non-reentrant model


 *************** function _lcd_goto *****************
 Defined at:
		line 59 in file "lcd.c"
 Parameters:    Size  Location     Type
  pos             1    wreg     unsigned char 
 Auto vars:     Size  Location     Type
  pos             1    5[BANK0 ] unsigned char 
 Return value:  Size  Location     Type
                  1    wreg      void 
 Registers used:
		wreg, status,2, status,0, pclath, cstack
 Tracked objects:
		On entry : 
		On exit  : 
		Unchanged: 
 Data sizes:     COMMON   BANK0   BANK1   BANK3   BANK2
      Params:         0       0       0       0       0
      Locals:         0       1       0       0       0
      Temps:          0       0       0       0       0
      Totals:         0       1       0       0       0
Total ram usage:        1 bytes
 Hardware stack levels used:    1
 Hardware stack levels required when called:    4
 This function calls:
		_LCD_RS_SetLow
		_lcd_write
 This function is called by:
		_main
 This function uses a non-reentrant model


 *************** function _lcd_cursor *****************
 Defined at:
		line 68 in file "lcd.c"
 Parameters:    Size  Location     Type
  on              2    5[BANK0 ] int 
 Auto vars:     Size  Location     Type
		None
 Return value:  Size  Location     Type
                  1    wreg      void 
 Registers used:
		wreg, status,2, status,0, pclath, cstack
 Tracked objects:
		On entry : 
		On exit  : 
		Unchanged: 
 Data sizes:     COMMON   BANK0   BANK1   BANK3   BANK2
      Params:         0       2       0       0       0
      Locals:         0       0       0       0       0
      Temps:          0       0       0       0       0
      Totals:         0       2       0       0       0
Total ram usage:        2 bytes
 Hardware stack levels used:    1
 Hardware stack levels required when called:    4
 This function calls:
		_LCD_RS_SetLow
		_lcd_write
 This function is called by:
		_main
 This function uses a non-reentrant model


 *************** function _lcd_clear *****************
 Defined at:
		line 45 in file "lcd.c"
 Parameters:    Size  Location     Type
		None
 Auto vars:     Size  Location     Type
		None
 Return value:  Size  Location     Type
                  1    wreg      void 
 Registers used:
		wreg, status,2, status,0, pclath, cstack
 Tracked objects:
		On entry : 
		On exit  : 
		Unchanged: 
 Data sizes:     COMMON   BANK0   BANK1   BANK3   BANK2
      Params:         0       0       0       0       0
      Locals:         0       0       0       0       0
      Temps:          0       2       0       0       0
      Totals:         0       2       0       0       0
Total ram usage:        2 bytes
 Hardware stack levels used:    1
 Hardware stack levels required when called:    4
 This function calls:
		_LCD_RS_SetLow
		_lcd_write
 This function is called by:
		_main
 This function uses a non-reentrant model


 *************** function _lcd_write *****************
 Defined at:
		line 38 in file "lcd.c"
 Parameters:    Size  Location     Type
  c               1    wreg     unsigned char 
 Auto vars:     Size  Location     Type
  c               1    4[BANK0 ] unsigned char 
 Return value:  Size  Location     Type
                  1    wreg      void 
 Registers used:
		wreg, status,2, status,0, pclath, cstack
 Tracked objects:
		On entry : 
		On exit  : 
		Unchanged: 
 Data sizes:     COMMON   BANK0   BANK1   BANK3   BANK2
      Params:         0       0       0       0       0
      Locals:         0       1       0       0       0
      Temps:          0       1       0       0       0
      Totals:         0       2       0       0       0
Total ram usage:        2 bytes
 Hardware stack levels used:    1
 Hardware stack levels required when called:    3
 This function calls:
		_lcd_write_nibble
 This function is called by:
		_lcd_clear
		_lcd_puts
		_lcd_goto
		_lcd_cursor
		_lcd_init
		_lcd_putchar
 This function uses a non-reentrant model


 *************** function _lcd_write_nibble *****************
 Defined at:
		line 28 in file "lcd.c"
 Parameters:    Size  Location     Type
  c               1    wreg     unsigned char 
 Auto vars:     Size  Location     Type
  c               1    2[BANK0 ] unsigned char 
 Return value:  Size  Location     Type
                  1    wreg      void 
 Registers used:
		wreg, status,2, status,0
 Tracked objects:
		On entry : 
		On exit  : 
		Unchanged: 
 Data sizes:     COMMON   BANK0   BANK1   BANK3   BANK2
      Params:         0       0       0       0       0
      Locals:         0       1       0       0       0
      Temps:          0       1       0       0       0
      Totals:         0       2       0       0       0
Total ram usage:        2 bytes
 Hardware stack levels used:    1
 Hardware stack levels required when called:    2
 This function calls:
		Nothing
 This function is called by:
		_lcd_write
 This function uses a non-reentrant model


 *************** function _LCD_RS_SetLow *****************
 Defined at:
		line 23 in file "lcd.c"
 Parameters:    Size  Location     Type
		None
 Auto vars:     Size  Location     Type
		None
 Return value:  Size  Location     Type
                  1    wreg      void 
 Registers used:
		None
 Tracked objects:
		On entry : 
		On exit  : 
		Unchanged: 
 Data sizes:     COMMON   BANK0   BANK1   BANK3   BANK2
      Params:         0       0       0       0       0
      Locals:         0       0       0       0       0
      Temps:          0       0       0       0       0
      Totals:         0       0       0       0       0
Total ram usage:        0 bytes
 Hardware stack levels used:    1
 Hardware stack levels required when called:    2
 This function calls:
		Nothing
 This function is called by:
		_lcd_clear
		_lcd_goto
		_lcd_cursor
		_lcd_init
 This function uses a non-reentrant model


 *************** function _ioc_init *****************
 Defined at:
		line 80 in file "main.c"
 Parameters:    Size  Location     Type
		None
 Auto vars:     Size  Location     Type
		None
 Return value:  Size  Location     Type
                  1    wreg      void 
 Registers used:
		status,2
 Tracked objects:
		On entry : 
		On exit  : 
		Unchanged: 
 Data sizes:     COMMON   BANK0   BANK1   BANK3   BANK2
      Params:         0       0       0       0       0
      Locals:         0       0       0       0       0
      Temps:          0       0       0       0       0
      Totals:         0       0       0       0       0
Total ram usage:        0 bytes
 Hardware stack levels used:    1
 Hardware stack levels required when called:    2
 This function calls:
		Nothing
 This function is called by:
		_main
 This function uses a non-reentrant model


 *************** function _io_init *****************
 Defined at:
		line 17 in file "io.c"
 Parameters:    Size  Location     Type
		None
 Auto vars:     Size  Location     Type
		None
 Return value:  Size  Location     Type
                  1    wreg      void 
 Registers used:
		None
 Tracked objects:
		On entry : 
		On exit  : 
		Unchanged: 
 Data sizes:     COMMON   BANK0   BANK1   BANK3   BANK2
      Params:         0       0       0       0       0
      Locals:         0       0       0       0       0
      Temps:          0       0       0       0       0
      Totals:         0       0       0       0       0
Total ram usage:        0 bytes
 Hardware stack levels used:    1
 Hardware stack levels required when called:    2
 This function calls:
		Nothing
 This function is called by:
		_main
 This function uses a non-reentrant model


 *************** function _adc_init_0 *****************
 Defined at:
		line 13 in file "adc.c"
 Parameters:    Size  Location     Type
		None
 Auto vars:     Size  Location     Type
		None
 Return value:  Size  Location     Type
                  1    wreg      void 
 Registers used:
		wreg, status,2
 Tracked objects:
		On entry : 
		On exit  : 
		Unchanged: 
 Data sizes:     COMMON   BANK0   BANK1   BANK3   BANK2
      Params:         0       0       0       0       0
      Locals:         0       0       0       0       0
      Temps:          0       2       0       0       0
      Totals:         0       2       0       0       0
Total ram usage:        2 bytes
 Hardware stack levels used:    1
 Hardware stack levels required when called:    2
 This function calls:
		Nothing
 This function is called by:
		_main
 This function uses a non-reentrant model


 *************** function _isr *****************
 Defined at:
		line 47 in file "main.c"
 Parameters:    Size  Location     Type
		None
 Auto vars:     Size  Location     Type
  portB           1    0[BANK0 ] unsigned char 
 Return value:  Size  Location     Type
                  1    wreg      void 
 Registers used:
		wreg, status,2, status,0, pclath, cstack
 Tracked objects:
		On entry : 
		On exit  : 
		Unchanged: 
 Data sizes:     COMMON   BANK0   BANK1   BANK3   BANK2
      Params:         0       0       0       0       0
      Locals:         0       1       0       0       0
      Temps:          5       0       0       0       0
      Totals:         5       1       0       0       0
Total ram usage:        6 bytes
 Hardware stack levels used:    1
 Hardware stack levels required when called:    1
 This function calls:
		_adc_read_0
		_io_sw_pressed
		_io_sw_read
 This function is called by:
		Interrupt level 1
 This function uses a non-reentrant model


 *************** function _io_sw_read *****************
 Defined at:
		line 49 in file "io.c"
 Parameters:    Size  Location     Type
  port            1    wreg     unsigned char 
 Auto vars:     Size  Location     Type
  port            1    2[COMMON] unsigned char 
  swNew           1    3[COMMON] unsigned char 
 Return value:  Size  Location     Type
                  1    wreg      void 
 Registers used:
		wreg, status,2, status,0
 Tracked objects:
		On entry : 
		On exit  : 
		Unchanged: 
 Data sizes:     COMMON   BANK0   BANK1   BANK3   BANK2
      Params:         0       0       0       0       0
      Locals:         2       0       0       0       0
      Temps:          2       0       0       0       0
      Totals:         4       0       0       0       0
Total ram usage:        4 bytes
 Hardware stack levels used:    1
 This function calls:
		Nothing
 This function is called by:
		_isr
 This function uses a non-reentrant model


 *************** function _io_sw_pressed *****************
 Defined at:
		line 58 in file "io.c"
 Parameters:    Size  Location     Type
		None
 Auto vars:     Size  Location     Type
		None
 Return value:  Size  Location     Type
                  2    0[COMMON] int 
 Registers used:
		wreg, status,2
 Tracked objects:
		On entry : 
		On exit  : 
		Unchanged: 
 Data sizes:     COMMON   BANK0   BANK1   BANK3   BANK2
      Params:         2       0       0       0       0
      Locals:         0       0       0       0       0
      Temps:          0       0       0       0       0
      Totals:         2       0       0       0       0
Total ram usage:        2 bytes
 Hardware stack levels used:    1
 This function calls:
		Nothing
 This function is called by:
		_isr
 This function uses a non-reentrant model


 *************** function _adc_read_0 *****************
 Defined at:
		line 31 in file "adc.c"
 Parameters:    Size  Location     Type
		None
 Auto vars:     Size  Location     Type
  result          2    7[COMMON] int 
 Return value:  Size  Location     Type
                  2    0[COMMON] unsigned int 
 Registers used:
		wreg, status,2, status,0
 Tracked objects:
		On entry : 
		On exit  : 
		Unchanged: 
 Data sizes:     COMMON   BANK0   BANK1   BANK3   BANK2
      Params:         2       0       0       0       0
      Locals:         2       0       0       0       0
      Temps:          5       0       0       0       0
      Totals:         9       0       0       0       0
Total ram usage:        9 bytes
 Hardware stack levels used:    1
 This function calls:
		Nothing
 This function is called by:
		_isr
 This function uses a non-reentrant model



MODULE INFORMATION

Module		Function		Class		Link	Load	Size
C:\Program Files (x86)\Microchip\xc8\v1.45\sources\common\doprnt.c
		_sprintf       		CODE           	0020	0000	375

C:\Program Files (x86)\Microchip\xc8\v1.45\sources\common\doprnt.c estimated size: 375

C:\Program Files (x86)\Microchip\xc8\v1.45\sources\common\Umul16.c
		___wmul        		CODE           	072A	0000	36

C:\Program Files (x86)\Microchip\xc8\v1.45\sources\common\Umul16.c estimated size: 36

io.c
		_io_sw_read    		CODE           	076E	0000	30
		_io_init       		CODE           	07D6	0000	16
		_io_sw_pressed 		CODE           	07F2	0000	14

io.c estimated size: 60

C:\Program Files (x86)\Microchip\xc8\v1.45\sources\common\isdigit.c
		_isdigit       		CODE           	07B6	0000	17

C:\Program Files (x86)\Microchip\xc8\v1.45\sources\common\isdigit.c estimated size: 17

C:\Program Files (x86)\Microchip\xc8\v1.45\sources\common\lwmod.c
		___lwmod       		CODE           	064A	0000	53

C:\Program Files (x86)\Microchip\xc8\v1.45\sources\common\lwmod.c estimated size: 53

pwm.c
		_pwm_set       		CODE           	03EF	0000	187
		_pwm_calc      		CODE           	02CB	0000	293
		_pwm_init      		CODE           	067E	0000	47

pwm.c estimated size: 527

adc.c
		_adc_read_0    		CODE           	06AC	0000	44
		_adc_init_0    		CODE           	0701	0000	42

adc.c estimated size: 86

shared
		__stringtab    		STRING         	0615	0000	17
		_dpowers       		STRING         	0625	0000	11
		__initialization		CODE           	0015	0000	8

shared estimated size: 36

C:\Program Files (x86)\Microchip\xc8\v1.45\sources\common\lwdiv.c
		___lwdiv       		CODE           	059C	0000	63

C:\Program Files (x86)\Microchip\xc8\v1.45\sources\common\lwdiv.c estimated size: 63

C:\Program Files (x86)\Microchip\xc8\v1.45\sources\common\awdiv.c
		___awdiv       		CODE           	04A9	0000	92

C:\Program Files (x86)\Microchip\xc8\v1.45\sources\common\awdiv.c estimated size: 92

lcd.c
		_lcd_puts      		CODE           	06D7	0000	43
		_lcd_clear     		CODE           	078B	0000	23
		_lcd_goto      		CODE           	07C6	0000	17
		_lcd_cursor    		CODE           	07A1	0000	22
		_LCD_RS_SetLow 		CODE           	0FED	0000	5
		_LCD_RS_SetHigh		CODE           	0FF5	0000	5
		_lcd_write     		CODE           	074D	0000	34
		_lcd_write_nibble		CODE           	0558	0000	69
		_LCD_RW_SetLow 		CODE           	0FF1	0000	5
		_lcd_init      		CODE           	0504	0000	85

lcd.c estimated size: 308

main.c
		_ioc_init      		CODE           	0FF9	0000	8
		_main          		CODE           	0196	0000	310
		_t0_init       		CODE           	07E5	0000	14
		_isr           		CODE           	05DA	0000	60

main.c estimated size: 392

